// Jest Snapshot v1, https://goo.gl/fbAQLP

exports[`Basic test Renders the App component 1`] = `ShallowWrapper {}`;
